[Bootstrap]
SetupTitle=MACRO 3.0 Install
SetupText=Copying Files, please stand by.
CabFile=MACRO30.CAB
Spawn=Setup1.exe
Uninstal=st6unst.exe
TmpDir=msftqws.pdw
Cabs=1

[Bootstrap Files]
File1=@VB6STKIT.DLL,$(WinSysPathSysFile),,,6/18/98 12:00:00 AM,102912,6.0.81.69

[IconGroups]
Group0=MACRO 3.0
PrivateGroup0=False
Parent0=$(Programs)

[MACRO 3.0]
Icon1="MACRO_DM.exe"
Title1=MACRO Data Entry
StartIn1=$(AppPath)
Icon2="MACRO_SD.exe"
Title2=MACRO Study Definition
StartIn2=$(AppPath)
Icon3="MACRO_SD.exe library"
Title3=MACRO Library Management
StartIn3=$(AppPath)
Icon4="MACRO_SM.exe"
Title4=MACRO System Management
StartIn4=$(AppPath)
Icon5="MACRO_QM.EXE"
Title5=MACRO Query Module
StartIn5=$(AppPath)
Icon6="MACRO_BD.exe"
Title6=MACRO Batch Data Entry
StartIn6=$(AppPath)
Icon7="MACRO_DV.exe"
Title7=MACRO Create Data Views
StartIn7=$(AppPath)
Icon8="MACRO_DM.exe review"
Title8=MACRO Data Review
StartIn8=$(AppPath)
Icon9="MACRO_BV.exe"
Title9=MACRO Batch Validation
StartIn9=$(AppPath)

[Setup]
Title=MACRO 3.0
DefaultDir=$(ProgramFiles)\InferMed\MACRO 3.0
AppExe=MACRO_DM.EXE
AppToUninstall=MACRO 3.0

[Setup1 Files]
File1=@COMBOINPUTBOX.DLL,$(WinSysPath),$(DLLSelfRegister),$(Shared),10/28/1999 05:23:22 PM,24576,
File2=@DAO350.DLL,$(WinSysPath),$(DLLSelfRegister),$(Shared),4/27/1998 12:00:00 AM,570128,
File3=@DartObjects.dll,$(WinSysPath),$(DLLSelfRegister),$(Shared),4/28/2002 02:36:56 PM,49152,
File4=@DartSock.dll,$(WinSysPath),$(DLLSelfRegister),$(Shared),4/28/2002 02:36:56 PM,180224,
File5=@DartWeb.dll,$(WinSysPath),$(DLLSelfRegister),$(Shared),4/28/2002 02:36:57 PM,106496,
File6=@MSBIND.DLL,$(WinSysPath),$(DLLSelfRegister),$(Shared),6/18/1998 01:00:00 AM,77824,
File7=@MSDBRPTR.DLL,$(WinSysPath),$(DLLSelfRegister),$(Shared),6/18/1998 01:00:00 AM,299008,
File8=@MSJET35.DLL,$(WinSysPath),$(DLLSelfRegister),$(Shared),4/23/1999 11:22:00 PM,1056768,
File9=@MSJT4JLT.DLL,$(WinSysPath),$(DLLSelfRegister),$(Shared),5/31/1998 01:00:00 AM,1233680,
File10=@msstdfmt.dll,$(WinSysPath),$(DLLSelfRegister),$(Shared),10/10/2000 07:01:08 PM,118784,
File11=@msxml4.dll,$(WinSysPath),$(DLLSelfRegister),$(Shared),4/18/2003 04:46:22 PM,1233920,
File12=@Riched32.dll,$(WinSysPath),$(DLLSelfRegister),$(Shared),3/23/1999 09:13:14 AM,174352,
File13=@scrrun.dll,$(WinSysPath),$(DLLSelfRegister),$(Shared),7/26/2000 06:00:00 PM,147512,
File14=@XceedBen.dll,$(WinSysPath),$(DLLSelfRegister),$(Shared),9/10/2002 09:46:42 AM,184888,
File15=@XceedCry.dll,$(WinSysPath),$(DLLSelfRegister),$(Shared),9/6/2002 02:44:30 PM,508464,
File16=@XceedZip.dll,$(WinSysPath),$(DLLSelfRegister),$(Shared),4/28/2002 02:38:08 PM,406048,
File17=@AddFlow2.ocx,$(WinSysPath),$(DLLSelfRegister),$(Shared),10/20/1998 10:23:44 AM,143360,
File18=@COMCTL32.OCX,$(WinSysPath),$(DLLSelfRegister),$(Shared),6/24/1998 03:00:00 AM,609584,
File19=@COMDLG32.OCX,$(WinSysPath),$(DLLSelfRegister),$(Shared),2/6/2001 07:12:28 PM,140288,
File20=@Flp32x20.ocx,$(WinSysPath),$(DLLSelfRegister),$(Shared),6/16/1997 12:51:54 PM,400376,
File21=@GRID32.OCX,$(WinSysPath),$(DLLSelfRegister),$(Shared),1/12/1996 01:00:00 AM,89600,
File22=@hhctrl.ocx,$(WinSysPath),$(DLLSelfRegister),$(Shared),5/24/2000 03:30:00 PM,527808,
File23=@MSCAL.OCX,$(WinSysPath),$(DLLSelfRegister),$(Shared),2/9/1999 10:42:26 PM,106496,
File24=@MSCOMCT2.OCX,$(WinSysPath),$(DLLSelfRegister),$(Shared),10/21/2002 08:49:06 PM,703488,
File25=@MSCOMCTL.OCX,$(WinSysPath),$(DLLSelfRegister),$(Shared),10/21/2002 08:49:07 PM,1122816,
File26=@MSDATGRD.OCX,$(WinSysPath),$(DLLSelfRegister),$(Shared),10/13/1998 07:38:46 PM,260920,
File27=@MSFLXGRD.OCX,$(WinSysPath),$(DLLSelfRegister),$(Shared),10/21/2002 08:49:10 PM,304128,
File28=@MSHFLXGD.OCX,$(WinSysPath),$(DLLSelfRegister),$(Shared),10/21/2002 08:49:10 PM,496128,
File29=@MSINET.OCX,$(WinSysPath),$(DLLSelfRegister),$(Shared),10/21/2002 08:49:11 PM,174592,
File30=@MSMASK32.OCX,$(WinSysPath),$(DLLSelfRegister),$(Shared),10/21/2002 08:49:15 PM,222720,
File31=@MSWINSCK.OCX,$(WinSysPath),$(DLLSelfRegister),$(Shared),10/21/2002 08:49:18 PM,167936,
File32=@RICHTX32.OCX,$(WinSysPath),$(DLLSelfRegister),$(Shared),10/21/2002 08:49:22 PM,260096,
File33=@TABCTL32.OCX,$(WinSysPath),$(DLLSelfRegister),$(Shared),10/21/2002 08:49:24 PM,269312,
File34=@DAO2535.TLB,$(WinSysPath),$(TLBRegister),$(Shared),5/15/1998 12:00:00 AM,73184,
File35=@msdatsrc.tlb,$(WinSysPath),$(TLBRegister),$(Shared),3/26/2001 11:47:00 PM,12288,
File36=@Win.tlb,$(WinSysPath),$(TLBRegister),$(Shared),6/14/1997 12:26:08 PM,621140,
File37=@msxml4a.dll,$(WinSysPath),,$(Shared),4/18/2003 04:29:26 PM,44544,
File38=@msxml4r.dll,$(WinSysPath),,$(Shared),4/18/2003 04:29:26 PM,82432,
File39=@arezzo5.pc,$(WinSysPath),,$(Shared),6/12/2007 10:39:02 AM,1146642,
File40=@IMedALM5.dll,$(WinSysPath),$(DLLSelfRegister),$(Shared),1/11/2006 05:27:33 PM,356352,
File41=@IMedPSS2.dll,$(WinSysPath),$(DLLSelfRegister),$(Shared),11/29/2002 02:49:07 PM,53248,
File42=@INT4200.DLL,$(WinSysPath),,$(Shared),10/30/2002 11:12:42 AM,45056,
File43=@int4200.exe,$(WinSysPath),,$(Shared),10/24/2001 12:20:00 PM,270336,
File44=@INT4200.OVL,$(WinSysPath),,$(Shared),2/23/2007 01:00:00 AM,406266,
File45=@macro3_arezzo.pc,$(AppPath),,,8/29/2006 04:40:02 PM,70775,
File46=@macro3_arezzo.pc,$(AppPath)\Business Components,,,8/29/2006 04:40:02 PM,70775,
File47=@pftojavascript3.pc,$(AppPath)\Business Components,,,12/20/2006 04:40:36 PM,57611,
File48=@cui.pdf,$(AppPath),,,8/24/1999 03:59:44 PM,645185,
File49=@MTMCUI.exe,$(AppPath),,,11/3/2004 03:28:56 PM,790528,
File50=@BARN_LAB.zip,$(AppPath)\In Folder,,,1/29/2003 04:06:58 PM,1466,
File51=@BONF_LAB.zip,$(AppPath)\In Folder,,,1/29/2003 04:07:02 PM,1821,
File52=@CLAP_LAB.zip,$(AppPath)\In Folder,,,1/29/2003 04:07:04 PM,1766,
File53=@demostudy30.zip,$(AppPath)\In Folder,,,8/21/2006 09:53:00 AM,60812,
File54=@HAMP_LAB.zip,$(AppPath)\In Folder,,,1/29/2003 04:07:08 PM,1646,
File55=@MACRO30.zip,$(AppPath)\In Folder,,,1/22/2004 06:19:44 PM,345531,
File56=@RDE_LAB.zip,$(AppPath)\In Folder,,,1/29/2003 04:07:12 PM,1653,
File57=@Due Dates.dot,$(AppPath)\Documents,,,6/10/2003 03:40:09 PM,44544,
File58=@InferMed Website.htm,$(AppPath)\Documents,,,3/5/2001 11:57:26 AM,680,
File59=@infermed98pixels.gif,$(AppPath)\Documents,,,11/22/1999 10:49:00 AM,2141,
File60=@Informed Consent.dot,$(AppPath)\Documents,,,6/10/2003 04:59:14 PM,45056,
File61=@Study Protocol.PDF,$(AppPath)\Documents,,,2/16/2001 11:02:24 AM,13121,
File62=@MACRO3Help.chm,$(AppPath)\Help,,,11/16/2006 03:25:34 PM,4412881,
File63=@mdac_typ.exe,$(AppPath),,,7/4/2001 05:48:28 PM,5286008,
File64=@EXTRAC32.EXE,$(AppPath),,,7/26/2000 06:00:00 PM,42256,
File65=@MACRO_AI.EXE,$(AppPath),,,10/9/2007 10:14:12 AM,1077248,
File66=@MACRO_BD.EXE,$(AppPath),,,10/9/2007 10:15:08 AM,1499136,
File67=@MACRO_BV.EXE,$(AppPath),,,10/9/2007 10:15:34 AM,1150976,
File68=@MACRO_DM.EXE,$(AppPath),,,10/9/2007 10:13:20 AM,4648960,
File69=@MACRO_DV.EXE,$(AppPath),,,10/9/2007 10:13:46 AM,1245184,
File70=@MACRO_QM.EXE,$(AppPath),,,10/9/2007 10:14:40 AM,1781760,
File71=@MACRO_SD.EXE,$(AppPath),,,10/9/2007 10:11:54 AM,5029888,
File72=@MACRO_SM.EXE,$(AppPath),,,10/9/2007 10:10:24 AM,3432448,
File73=@MACRO_UT.EXE,$(AppPath),,,10/9/2007 10:16:04 AM,1490944,
File74=@MakeCab.exe,$(AppPath),,,11/28/1996 12:00:00 AM,136192,
File75=@MTMCUI.exe,$(AppPath),,,11/3/2004 03:28:56 PM,790528,
File76=@Clock.avi,$(AppPath),,,2/2/2003 02:51:18 PM,5632,
File77=@MACRODataTransfer.avi,$(AppPath),,,4/12/2002 10:42:50 AM,8020,
File78=@MACROAIPause.vbs,$(AppPath),,,6/11/2002 12:29:14 PM,1964,
File79=@MACROAIStart.vbs,$(AppPath),,,6/11/2002 12:29:14 PM,1964,
File80=@MACROAiStop.vbs,$(AppPath),,,6/11/2002 12:29:14 PM,1963,
File81=@MACROCreateSQLServerScript.txt,$(AppPath),,,6/16/2003 03:36:08 PM,61129,
File82=@MACRODataDB.txt,$(AppPath),,,11/3/2002 03:13:52 PM,76810,
File83=@MACRODataTypes.txt,$(AppPath),,,9/25/2002 04:06:36 PM,902,
File84=@MACROSecDb.txt,$(AppPath),,,10/31/2002 02:51:42 PM,19759,
File85=@www_html_dbscript.zip,$(AppPath),,,10/9/2007 10:27:40 AM,6308798,
File86=@MACROAZJSBS30.DLL,$(AppPath)\Business Components,$(DLLSelfRegister),,10/9/2007 10:07:58 AM,28672,
File87=@MACRODBBS30.dll,$(AppPath)\Business Components,$(DLLSelfRegister),,10/9/2007 10:07:50 AM,81920,
File88=@MACRODEBS30.dll,$(AppPath)\Business Components,$(DLLSelfRegister),,10/9/2007 10:07:34 AM,593920,
File89=@MACROLFBS30.dll,$(AppPath)\Business Components,$(DLLSelfRegister),,10/9/2007 10:07:58 AM,147456,
File90=@MACROLOCKBS30.dll,$(AppPath)\Business Components,$(DLLSelfRegister),,10/9/2007 11:24:44 AM,45056,
File91=@MACROMIMsgBS30.dll,$(AppPath)\Business Components,$(DLLSelfRegister),,10/9/2007 10:07:40 AM,192512,
File92=@MACROSysDataXfer30.dll,$(AppPath)\Business Components,$(DLLSelfRegister),,10/9/2007 10:07:54 AM,200704,
File93=@MACROTimeZoneBS30.dll,$(AppPath)\Business Components,$(DLLSelfRegister),,10/9/2007 10:07:10 AM,24576,
File94=@MACROUserBS30.dll,$(AppPath)\Business Components,$(DLLSelfRegister),,10/9/2007 10:07:48 AM,278528,
File95=@MACROVersion.dll,$(AppPath)\Business Components,$(DLLSelfRegister),,10/9/2007 10:07:12 AM,32768,
File96=@MACRODEDS30.dll,$(AppPath)\Data Components,$(DLLSelfRegister),,10/9/2007 10:07:22 AM,192512,
File97=@MACROLOCKDS30.dll,$(AppPath)\Data Components,$(DLLSelfRegister),,10/9/2007 11:25:28 AM,61440,
File98=@MACROMIMsgDS30.dll,$(AppPath)\Data Components,$(DLLSelfRegister),,10/9/2007 10:07:38 AM,57344,
File99=@MACROIOEform30.dll,$(AppPath)\IO Components,$(DLLSelfRegister),,10/9/2007 04:38:16 PM,405504,
File100=@MACROWWWIO30.DLL,$(AppPath)\IO Components,$(DLLSelfRegister),,10/9/2007 05:37:20 PM,1187840,
File101=@MACRODEST30.dll,$(AppPath)\State Components,$(DLLSelfRegister),,10/9/2007 10:07:18 AM,180224,
File102=@MACROMIMsgSt30.dll,$(AppPath)\State Components,$(DLLSelfRegister),,10/9/2007 10:07:36 AM,40960,
File103=@MACROSCI30.DLL,$(AppPath)\Subject Cache,$(DLLSelfRegister),,10/9/2007 10:08:32 AM,45056,
File104=@MACROSCM30.DLL,$(AppPath)\Subject Cache,$(DLLSelfRegister),,10/9/2007 10:08:30 AM,102400,
File105=@MACROOptionGroup30.ocx,$(AppPath)\User Controls,$(DLLSelfRegister),,10/9/2007 10:07:10 AM,73728,
File106=@MACRORR30.DLL,$(AppPath),$(DLLSelfRegister),,10/9/2007 10:08:08 AM,741376,
File107=@MACROOCDisc30.dll,$(AppPath),$(DLLSelfRegister),,10/9/2007 10:08:10 AM,65536,
File108=@MACROAccess22ToMSDE22.dll,$(AppPath),$(DLLSelfRegister),,11/26/2003 11:19:30 AM,811008,
File109=@IMEDCheckSum10.dll,$(WinSysPath),$(DLLSelfRegister),$(Shared),7/29/2002 02:15:39 PM,28672,
File110=@IMEDQD20.dll,$(WinSysPath),$(DLLSelfRegister),$(Shared),4/16/2004 01:57:34 PM,122880,
File111=@IMEDQDS20.dll,$(WinSysPath),$(DLLSelfRegister),$(Shared),1/17/2003 03:03:30 PM,40960,
File112=@IMEDQDSDS20.dll,$(WinSysPath),$(DLLSelfRegister),$(Shared),1/17/2003 03:03:31 PM,28672,
File113=@IMEDQS20.dll,$(WinSysPath),$(DLLSelfRegister),$(Shared),5/23/2003 12:08:18 PM,65536,
File114=@IMEDSettings10.dll,$(WinSysPath),$(DLLSelfRegister),$(Shared),9/18/2002 05:05:30 PM,32768,
File115=@MACROAccess22ToMSDE22.dll,$(WinSysPath),$(DLLSelfRegister),$(Shared),6/19/2003 05:14:41 PM,811008,
File116=@WWWCompression.bat,$(AppPath),,,12/6/2005 12:01:28 PM,408,

