[Bootstrap]
SetupTitle=MACRO 3.0 Install
SetupText=Copying Files, please stand by.
CabFile=MACRO30.CAB
Spawn=Setup1.exe
Uninstal=st6unst.exe
TmpDir=msftqws.pdw
Cabs=1

[Bootstrap Files]
File1=@VB6STKIT.DLL,$(WinSysPathSysFile),,,6/18/98 12:00:00 AM,102912,6.0.81.69

[IconGroups]
Group0=MACRO 3.0
PrivateGroup0=False
Parent0=$(Programs)

[MACRO 3.0]
Icon1="MACRO_DM.exe"
Title1=MACRO Data Entry
StartIn1=$(AppPath)
Icon2="MACRO_SD.exe"
Title2=MACRO Study Definition
StartIn2=$(AppPath)
Icon3="MACRO_SD.exe library"
Title3=MACRO Library Management
StartIn3=$(AppPath)
Icon4="MACRO_SM.exe"
Title4=MACRO System Management
StartIn4=$(AppPath)
Icon5="MACRO_QM.EXE"
Title5=MACRO Query Module
StartIn5=$(AppPath)
Icon6="MACRO_BD.exe"
Title6=MACRO Batch Data Entry
StartIn6=$(AppPath)
Icon7="MACRO_DV.exe"
Title7=MACRO Create Data Views
StartIn7=$(AppPath)
Icon8="MACRO_DM.exe review"
Title8=MACRO Data Review
StartIn8=$(AppPath)
Icon9="MACRO_BV.exe"
Title9=MACRO Batch Validation
StartIn9=$(AppPath)

[Setup]
Title=MACRO 3.0
DefaultDir=$(ProgramFiles)\InferMed\MACRO 3.0
AppExe=MACRO_DM.EXE
AppToUninstall=MACRO 3.0

[Setup1 Files]
File1=@COMBOINPUTBOX.DLL,$(WinSysPath),$(DLLSelfRegister),$(Shared),10/28/1999 05:23:22 PM,24576,
File2=@DAO350.DLL,$(WinSysPath),$(DLLSelfRegister),$(Shared),4/27/1998 12:00:00 AM,570128,
File3=@DartObjects.dll,$(WinSysPath),$(DLLSelfRegister),$(Shared),4/28/2002 02:36:56 PM,49152,
File4=@DartSock.dll,$(WinSysPath),$(DLLSelfRegister),$(Shared),4/28/2002 02:36:56 PM,180224,
File5=@DartWeb.dll,$(WinSysPath),$(DLLSelfRegister),$(Shared),4/28/2002 02:36:57 PM,106496,
File6=@MSBIND.DLL,$(WinSysPath),$(DLLSelfRegister),$(Shared),6/18/1998 01:00:00 AM,77824,
File7=@MSDBRPTR.DLL,$(WinSysPath),$(DLLSelfRegister),$(Shared),6/18/1998 01:00:00 AM,299008,
File8=@MSJET35.DLL,$(WinSysPath),$(DLLSelfRegister),$(Shared),4/23/1999 11:22:00 PM,1056768,
File9=@MSJT4JLT.DLL,$(WinSysPath),$(DLLSelfRegister),$(Shared),5/31/1998 01:00:00 AM,1233680,
File10=@msstdfmt.dll,$(WinSysPath),$(DLLSelfRegister),$(Shared),10/10/2000 07:01:08 PM,118784,
File11=@msxml4.dll,$(WinSysPath),$(DLLSelfRegister),$(Shared),4/18/2003 04:46:22 PM,1233920,
File12=@Reg.dll,$(WinSysPath),$(DLLSelfRegister),$(Shared),4/28/2002 02:39:42 PM,109056,
File13=@Riched32.dll,$(WinSysPath),$(DLLSelfRegister),$(Shared),3/23/1999 09:13:14 AM,174352,
File14=@scrrun.dll,$(WinSysPath),$(DLLSelfRegister),$(Shared),7/26/2000 06:00:00 PM,147512,
File15=@XceedBen.dll,$(WinSysPath),$(DLLSelfRegister),$(Shared),9/10/2002 09:46:42 AM,184888,
File16=@XceedCry.dll,$(WinSysPath),$(DLLSelfRegister),$(Shared),9/6/2002 02:44:30 PM,508464,
File17=@XceedZip.dll,$(WinSysPath),$(DLLSelfRegister),$(Shared),4/28/2002 02:38:08 PM,406048,
File18=@AddFlow2.ocx,$(WinSysPath),$(DLLSelfRegister),$(Shared),10/20/1998 10:23:44 AM,143360,
File19=@COMCTL32.OCX,$(WinSysPath),$(DLLSelfRegister),$(Shared),6/24/1998 03:00:00 AM,609584,
File20=@COMDLG32.OCX,$(WinSysPath),$(DLLSelfRegister),$(Shared),2/6/2001 07:12:28 PM,140288,
File21=@Flp32x20.ocx,$(WinSysPath),$(DLLSelfRegister),$(Shared),6/16/1997 12:51:54 PM,400376,
File22=@GRID32.OCX,$(WinSysPath),$(DLLSelfRegister),$(Shared),1/12/1996 01:00:00 AM,89600,
File23=@hhctrl.ocx,$(WinSysPath),$(DLLSelfRegister),$(Shared),5/24/2000 03:30:00 PM,527808,
File24=@MSCAL.OCX,$(WinSysPath),$(DLLSelfRegister),$(Shared),2/9/1999 10:42:26 PM,106496,
File25=@MSCOMCT2.OCX,$(WinSysPath),$(DLLSelfRegister),$(Shared),10/21/2002 08:49:06 PM,703488,
File26=@MSCOMCTL.OCX,$(WinSysPath),$(DLLSelfRegister),$(Shared),10/21/2002 08:49:07 PM,1122816,
File27=@MSDATGRD.OCX,$(WinSysPath),$(DLLSelfRegister),$(Shared),10/13/1998 07:38:46 PM,260920,
File28=@MSFLXGRD.OCX,$(WinSysPath),$(DLLSelfRegister),$(Shared),10/21/2002 08:49:10 PM,304128,
File29=@MSHFLXGD.OCX,$(WinSysPath),$(DLLSelfRegister),$(Shared),10/21/2002 08:49:10 PM,496128,
File30=@MSINET.OCX,$(WinSysPath),$(DLLSelfRegister),$(Shared),10/21/2002 08:49:11 PM,174592,
File31=@MSMASK32.OCX,$(WinSysPath),$(DLLSelfRegister),$(Shared),10/21/2002 08:49:15 PM,222720,
File32=@MSWINSCK.OCX,$(WinSysPath),$(DLLSelfRegister),$(Shared),10/21/2002 08:49:18 PM,167936,
File33=@RICHTX32.OCX,$(WinSysPath),$(DLLSelfRegister),$(Shared),10/21/2002 08:49:22 PM,260096,
File34=@TABCTL32.OCX,$(WinSysPath),$(DLLSelfRegister),$(Shared),10/21/2002 08:49:24 PM,269312,
File35=@DAO2535.TLB,$(WinSysPath),$(TLBRegister),$(Shared),5/15/1998 12:00:00 AM,73184,
File36=@msdatsrc.tlb,$(WinSysPath),$(TLBRegister),$(Shared),3/26/2001 11:47:00 PM,12288,
File37=@Win.tlb,$(WinSysPath),$(TLBRegister),$(Shared),6/14/1997 12:26:08 PM,621140,
File38=@msxml4a.dll,$(WinSysPath),,$(Shared),4/18/2003 04:29:26 PM,44544,
File39=@msxml4r.dll,$(WinSysPath),,$(Shared),4/18/2003 04:29:26 PM,82432,
File40=@arezzo5.pc,$(WinSysPath),,$(Shared),3/1/2004 05:29:40 PM,1123567,
File41=@IMedALM5.dll,$(WinSysPath),$(DLLSelfRegister),$(Shared),2/23/2004 04:15:42 PM,348160,
File42=@IMedPSS2.dll,$(WinSysPath),$(DLLSelfRegister),$(Shared),11/29/2002 02:49:07 PM,53248,
File43=@INT4200.DLL,$(WinSysPath),,$(Shared),10/30/2002 11:12:42 AM,45056,
File44=@int4200.exe,$(WinSysPath),,$(Shared),10/24/2001 12:20:00 PM,270336,
File45=@INT4200.OVL,$(WinSysPath),,$(Shared),10/30/2002 12:35:24 PM,406439,
File46=@macro3_arezzo.pc,$(AppPath),,,2/12/2004 12:34:22 PM,62791,
File47=@macro3_arezzo.pc,$(AppPath)\Business Components,,,2/12/2004 12:34:22 PM,62791,
File48=@pftojavascript3.pc,$(AppPath)\Business Components,,,3/15/2004 05:38:48 PM,55708,
File49=@cui.pdf,$(AppPath),,,8/24/1999 03:59:44 PM,645185,
File50=@MTMCUI.exe,$(AppPath),,,7/2/2003 01:01:02 PM,790528,
File51=@BARN_LAB.zip,$(AppPath)\In Folder,,,1/29/2003 04:06:58 PM,1466,
File52=@BONF_LAB.zip,$(AppPath)\In Folder,,,1/29/2003 04:07:02 PM,1821,
File53=@CLAP_LAB.zip,$(AppPath)\In Folder,,,1/29/2003 04:07:04 PM,1766,
File54=@demostudy30.zip,$(AppPath)\In Folder,,,1/22/2004 06:19:33 PM,60588,
File55=@HAMP_LAB.zip,$(AppPath)\In Folder,,,1/29/2003 04:07:08 PM,1646,
File56=@MACRO30.zip,$(AppPath)\In Folder,,,1/22/2004 06:19:44 PM,345531,
File57=@RDE_LAB.zip,$(AppPath)\In Folder,,,1/29/2003 04:07:12 PM,1653,
File58=@Due Dates.dot,$(AppPath)\Documents,,,6/10/2003 03:40:09 PM,44544,
File59=@InferMed Website.htm,$(AppPath)\Documents,,,3/5/2001 11:57:26 AM,680,
File60=@infermed98pixels.gif,$(AppPath)\Documents,,,11/22/1999 10:49:00 AM,2141,
File61=@Informed Consent.dot,$(AppPath)\Documents,,,6/10/2003 04:59:14 PM,45056,
File62=@Study Protocol.PDF,$(AppPath)\Documents,,,2/16/2001 11:02:24 AM,13121,
File63=@MACRO3Help.chm,$(AppPath)\Help,,,1/28/2004 05:35:21 PM,4166187,
File64=@mdac_typ.exe,$(AppPath),,,7/4/2001 05:48:28 PM,5286008,
File65=@MACRO_BD.exe,$(AppPath),,,3/9/2004 03:43:28 PM,1441792,
File66=@MACRO_DM.EXE,$(AppPath),,,3/15/2004 01:16:34 PM,4317184,
File67=@MACRO_QM.exe,$(AppPath),,,3/9/2004 03:43:34 PM,1662976,
File68=@MACRO_SD.exe,$(AppPath),,,3/9/2004 03:43:37 PM,4616192,
File69=@MACRO_SM.exe,$(AppPath),,,3/26/2004 06:29:37 PM,3330048,
File70=@Clock.avi,$(AppPath),,,2/2/2003 03:51:18 PM,5632,
File71=@MACRODataTransfer.avi,$(AppPath),,,4/12/2002 11:42:50 AM,8020,
File72=@MACROAIPause.vbs,$(AppPath),,,6/11/2002 01:29:14 PM,1964,
File73=@MACROAIStart.vbs,$(AppPath),,,6/11/2002 01:29:14 PM,1964,
File74=@MACROAiStop.vbs,$(AppPath),,,6/11/2002 01:29:14 PM,1963,
File75=@MACROCreateSQLServerScript.txt,$(AppPath),,,6/16/2003 04:36:08 PM,61129,
File76=@MACRODataDB.txt,$(AppPath),,,11/3/2002 04:13:52 PM,76810,
File77=@MACRODataTypes.txt,$(AppPath),,,9/25/2002 05:06:36 PM,902,
File78=@MACROSecDb.txt,$(AppPath),,,10/31/2002 03:51:42 PM,19759,
File79=@www_html_dbscript.zip,$(AppPath),,,3/18/2004 02:02:52 PM,6158351,
File80=@MACROAZJSBS30.DLL,$(AppPath)\Business Components,$(DLLSelfRegister),,3/18/2004 01:46:10 PM,28672,
File81=@MACRODBBS30.dll,$(AppPath)\Business Components,$(DLLSelfRegister),,3/18/2004 01:45:59 PM,73728,
File82=@MACRODEBS30.dll,$(AppPath)\Business Components,$(DLLSelfRegister),,3/18/2004 01:45:37 PM,552960,
File83=@MACROLFBS30.dll,$(AppPath)\Business Components,$(DLLSelfRegister),,3/18/2004 01:46:08 PM,147456,
File84=@MACROLOCKBS30.dll,$(AppPath)\Business Components,$(DLLSelfRegister),,3/18/2004 01:45:16 PM,36864,
File85=@MACROMIMsgBS30.dll,$(AppPath)\Business Components,$(DLLSelfRegister),,3/18/2004 01:45:47 PM,180224,
File86=@MACROSysDataXfer30.dll,$(AppPath)\Business Components,$(DLLSelfRegister),,3/18/2004 01:46:05 PM,184320,
File87=@MACROTimeZoneBS30.dll,$(AppPath)\Business Components,$(DLLSelfRegister),,3/18/2004 01:45:12 PM,24576,
File88=@MACROUserBS30.dll,$(AppPath)\Business Components,$(DLLSelfRegister),,3/18/2004 01:45:57 PM,270336,
File89=@MACRODEDS30.dll,$(AppPath)\Data Components,$(DLLSelfRegister),,3/18/2004 01:45:26 PM,192512,
File90=@MACROLOCKDS30.dll,$(AppPath)\Data Components,$(DLLSelfRegister),,3/18/2004 01:45:14 PM,49152,
File91=@MACROMIMsgDS30.dll,$(AppPath)\Data Components,$(DLLSelfRegister),,3/18/2004 01:45:42 PM,57344,
File92=@MACROIOEform30.dll,$(AppPath)\IO Components,$(DLLSelfRegister),,3/18/2004 01:46:38 PM,323584,
File93=@MACROWWWIO30.DLL,$(AppPath)\IO Components,$(DLLSelfRegister),,3/18/2004 01:47:08 PM,946176,
File94=@MACRODEST30.dll,$(AppPath)\State Components,$(DLLSelfRegister),,3/18/2004 01:45:21 PM,180224,
File95=@MACROMIMsgSt30.dll,$(AppPath)\State Components,$(DLLSelfRegister),,3/18/2004 01:45:39 PM,40960,
File96=@MACROSCI30.DLL,$(AppPath)\Subject Cache,$(DLLSelfRegister),,3/18/2004 01:46:43 PM,45056,
File97=@MACROSCM30.DLL,$(AppPath)\Subject Cache,$(DLLSelfRegister),,3/18/2004 01:46:41 PM,98304,
File98=@MACROOptionGroup30.ocx,$(AppPath)\User Controls,$(DLLSelfRegister),,3/18/2004 01:45:11 PM,73728,
File99=@MACRORR30.DLL,$(AppPath),$(DLLSelfRegister),,3/18/2004 01:46:23 PM,741376,
File100=@MACROOCDisc30.dll,$(AppPath),$(DLLSelfRegister),,3/18/2004 01:47:11 PM,65536,
File101=@MACROAccess22ToMSDE22.dll,$(AppPath),$(DLLSelfRegister),,11/26/2003 12:19:30 PM,811008,
File102=@IMEDCheckSum10.dll,$(WinSysPath),$(DLLSelfRegister),$(Shared),7/29/2002 02:15:39 PM,28672,
File103=@IMEDQD20.dll,$(WinSysPath),$(DLLSelfRegister),$(Shared),1/22/2003 12:46:44 PM,122880,
File104=@IMEDQDS20.dll,$(WinSysPath),$(DLLSelfRegister),$(Shared),1/17/2003 03:03:30 PM,40960,
File105=@IMEDQDSDS20.dll,$(WinSysPath),$(DLLSelfRegister),$(Shared),1/17/2003 03:03:31 PM,28672,
File106=@IMEDQS20.dll,$(WinSysPath),$(DLLSelfRegister),$(Shared),5/23/2003 12:08:18 PM,65536,
File107=@IMEDSettings10.dll,$(WinSysPath),$(DLLSelfRegister),$(Shared),9/18/2002 05:05:30 PM,32768,
File108=@MACROAccess22ToMSDE22.dll,$(WinSysPath),$(DLLSelfRegister),$(Shared),6/19/2003 05:14:41 PM,811008,
File109=@MACRO30.mdf,$(AppPath)\Database,,,3/9/2004 07:30:09 PM,2031616,
File110=@MSDE_2000.zip,$(AppPath),,,3/24/2004 03:19:15 PM,71777802,

